<!DOCTYPE html>
<html lang="en">
<head>
    <meta charset="UTF-8">
    <meta http-equiv="X-UA-Compatible" content="IE=edge">
    <meta name="viewport" content="width=device-width, initial-scale=1.0">
    <link rel="stylesheet" href="style/nullstyle.css">
    <link rel="stylesheet" href="style/f-st.css">
    <title>Document</title>
</head>
<body>
    <section class="f-st-section">
        <div class="f-st-section-wrap">
            <header class="header">
                <div class="header-wrap">
                    <div class="header-logo">
                        <img src="img/f-st_section/navbar-logo.svg" alt="">
                    </div>
                    <div class="header-grid">
                        <div class="header-item"><a href="#">Services</a></div> 
                        <div class="header-item"><a href="#">Portfolio</a></div>
                        <div class="header-item"><a href="#">About</a></div>
                        <div class="header-item"><a href="#">Team</a></div>
                        <div class="header-item"><a href="#">Contact</a></div>
                    </div>
                </div>
            </header>
            <div class="introduce-section">
                <div class="introduce-wrap">
                    <h3 class="intoduce-h3 introduce-item">Welcome To Our Studio!</h3>
                    <h1 class="intoduce-h1 introduce-item">it`s nice to meet you</h1>
                    <a href="#" class="introduce-btn">tell me more</a>
                </div>
            </div>
        </div>
    </section>
    <section class="service">
        <div class="service-wrap">
            <div class="container">
                <h2 class="service-header section-header">Services</h2>
                <p class="service-underHeader section-underHeader">Lorem, ipsum dolor sit amet consectetur</p>
                <div class="service-grid">
                    <div class="grid-item">
                        <div class="grid-image-wrap">
                            <div class="grid-image">
                            <svg class=" grid-img svg-inline--fa fa-cart-shopping fa-stack-1x fa-inverse" aria-hidden="true" focusable="false" data-prefix="fas" data-icon="cart-shopping" role="img" xmlns="http://www.w3.org/2000/svg" viewBox="0 0 576 512" data-fa-i2svg=""><path fill="white" d="M96 0C107.5 0 117.4 8.19 119.6 19.51L121.1 32H541.8C562.1 32 578.3 52.25 572.6 72.66L518.6 264.7C514.7 278.5 502.1 288 487.8 288H170.7L179.9 336H488C501.3 336 512 346.7 512 360C512 373.3 501.3 384 488 384H159.1C148.5 384 138.6 375.8 136.4 364.5L76.14 48H24C10.75 48 0 37.25 0 24C0 10.75 10.75 0 24 0H96zM128 464C128 437.5 149.5 416 176 416C202.5 416 224 437.5 224 464C224 490.5 202.5 512 176 512C149.5 512 128 490.5 128 464zM512 464C512 490.5 490.5 512 464 512C437.5 512 416 490.5 416 464C416 437.5 437.5 416 464 416C490.5 416 512 437.5 512 464z"></path></svg>
                        </div>
                        </div>
                        
                        <div class="grid-subtitle">E-Commerce</div>
                        <div class="grid-text">Lorem ipsum dolor sit amet consectetur adipisicing elit. Deserunt possimus ad sapiente quam mollitia quis sit ea!</div>
                    </div>
                    <div class="grid-item">
                        <div class="grid-image-wrap">
                            <div class="grid-image">
                                <svg class=" grid-img svg-inline--fa fa-laptop fa-stack-1x fa-inverse" aria-hidden="true" focusable="false" data-prefix="fas" data-icon="laptop" role="img" xmlns="http://www.w3.org/2000/svg" viewBox="0 0 640 512" data-fa-i2svg=""><path fill="white" d="M128 96h384v256h64v-272c0-26.38-21.62-48-48-48h-416c-26.38 0-48 21.62-48 48V352h64V96zM624 383.1h-608c-8.75 0-16 7.25-16 16v16c0 35.25 28.75 64 64 64h512c35.25 0 64-28.75 64-64v-16C640 391.2 632.8 383.1 624 383.1z"></path></svg>
                            </div>
                        </div>
                        <div class="grid-subtitle">Responsive Design</div>
                        <div class="grid-text">Lorem ipsum dolor sit amet consectetur adipisicing elit. Deserunt possimus ad sapiente quam mollitia quis sit ea.</div>
                    </div>
                    <div class="grid-item">
                        <div class="grid-image-wrap">
                            <div class="grid-image">
                                <svg class="svg-inline--fa fa-lock fa-stack-1x fa-inverse" aria-hidden="true" focusable="false" data-prefix="fas" data-icon="lock" role="img" xmlns="http://www.w3.org/2000/svg" viewBox="0 0 448 512" data-fa-i2svg=""><path fill="white" d="M80 192V144C80 64.47 144.5 0 224 0C303.5 0 368 64.47 368 144V192H384C419.3 192 448 220.7 448 256V448C448 483.3 419.3 512 384 512H64C28.65 512 0 483.3 0 448V256C0 220.7 28.65 192 64 192H80zM144 192H304V144C304 99.82 268.2 64 224 64C179.8 64 144 99.82 144 144V192z"></path></svg>
                            </div>
                        </div>
                        <div class="grid-subtitle">Web Security</div>
                        <div class="grid-text">Lorem ipsum dolor sit amet consectetur adipisicing elit. Deserunt possimus ad sapiente quam mollitia quis sit ea.</div>
                    </div>
                </div>
            </div>
        </div>
    </section>
    <section class="portfolio">
        <div class="portfolio-wrap">
            <div class="container portfolio-container">
                <h2 class="portfolio-header section-header">Portfolio</h2>
                <p class="portfolio-underHeader section-underHeader">Lorem, ipsum dolor sit amet consectetur</p>
                <div class="portfolio-grid">
                    <div class="portfolio-item">
                        <div class="portfolio-hover">
                            <div class="portfolio-image">
                                <img src="./img/portfolio/1.jpg" alt="">
                            </div>
                        </div>
                        <h2 class="portfolio-item-header section-header">Threads</h2>
                        <p class="portfolio-item-underHeader section-underHeader">Illustration</p>
                    </div>
                    <div class="portfolio-item">
                        <div class="portfolio-hover">
                            <div class="portfolio-image">
                                <img src="./img/portfolio/2.jpg" alt="">
                            </div>
                        </div>
                        <h2 class="portfolio-item-header section-header">Explore</h2>
                        <p class="portfolio-item-underHeader section-underHeader">Graphic Design</p>
                    </div>
                    <div class="portfolio-item">
                        <div class="portfolio-hover">
                            <div class="portfolio-image">
                                <img src="./img/portfolio/3.jpg" alt="">
                            </div>
                        </div>
                        <h2 class="portfolio-item-header section-header">Finish</h2>
                        <p class="portfolio-item-underHeader section-underHeader">Identity</p>
                    </div>
                    <div class="portfolio-item">
                        <div class="portfolio-hover">
                            <div class="portfolio-image">
                                <img src="./img/portfolio/4.jpg" alt="">
                            </div>
                        </div>
                        <h2 class="portfolio-item-header section-header">Lines</h2>
                        <p class="portfolio-item-underHeader section-underHeader">Branding</p>
                    </div>
                    <div class="portfolio-item">
                        <div class="portfolio-hover">
                            <div class="portfolio-image">
                                <img src="./img/portfolio/5.jpg" alt="">
                            </div>
                        </div>
                        <h2 class="portfolio-item-header section-header">Southwest</h2>
                        <p class="portfolio-item-underHeader section-underHeader">Website Design</p>
                    </div>
                    <div class="portfolio-item">
                        <div class="portfolio-hover">
                            <div class="portfolio-image">
                                <img src="./img/portfolio/6.jpg" alt="">
                            </div>
                        </div>
                        <h2 class="portfolio-item-header section-header">Window</h2>
                        <p class="portfolio-item-underHeader section-underHeader">Photography</p>
                    </div>
                </div>
            </div>
        </div>
    </section>
    <section class="about">
        <div class="about-wrap">
            <div class="container container-about">
                <h2 class="portfolio-header section-header">About</h2>
                <p class="portfolio-underHeader section-underHeader">Lorem, ipsum dolor sit amet consectetur</p>
                <div class="about-grid">
                    <div class="grid-element grid-text">
                        <h3 class="grid-h">2009-2011</h3>
                        <h3 class="grid-h">Our Humble Beginnings</h3>
                        <p class="grid-p">Lorem ipsum dolor sit amet, consectetur adipisicing elit. Sunt ut voluptatum eius sapiente, totam reiciendis temporibus qui quibusdam, recusandae sit vero unde, sed, incidunt et ea quo dolore laudantium consectetur!</p>
                    </div>
                    <div class="grid-element line">
                        <div class="grid-circle circle1">
                            
                        </div>
                    </div>
                    <div class="grid-element">
                        <div class="grid-empty">
                            
                        </div>
                    </div>
                        <!-- ------------- -->
                    <div class="grid-element">
                        <div class="grid-empty">
                            
                        </div>
                    </div>
                    <div class="grid-element line">
                        <div class="grid-circle circle2">
                            
                        </div>
                    </div>
                    <div class="grid-element grid-text">
                        <h3 class="grid-h">March 2011</h3>
                        <h3 class="grid-h">An Agency is Born</h3>
                        <p class="grid-p">Lorem ipsum dolor sit amet consectetur adipisicing elit. Fugiat eaque magni ipsum quasi ipsam, optio animi odio sapiente nam maxime itaque sit a suscipit sed nesciunt fuga ullam laborum voluptatum?</p>
                    </div>
                    <!-- ------------- -->
                    <div class="grid-element grid-text">
                        <h3 class="grid-h">December 2015</h3>
                        <h3 class="grid-h">Transition to Full Service</h3>
                        <p class="grid-p">Lorem ipsum dolor sit amet, consectetur adipisicing elit. Sunt ut voluptatum eius sapiente, totam reiciendis temporibus qui quibusdam, recusandae sit vero unde, sed, incidunt et ea quo dolore laudantium consectetur!</p>
                    </div>
                    <div class="grid-element line">
                        <div class="grid-circle circle3">
                            
                        </div>
                    </div>
                    <div class="grid-element">
                        <div class="grid-empty">
                            
                        </div>
                    </div>
                    <!-- ----------- -->
                    <div class="grid-element">
                        <div class="grid-empty">
                            
                        </div>
                    </div>
                    <div class="grid-element line">
                        <div class="grid-circle circle4">
                            
                        </div>
                    </div>
                    <div class="grid-element grid-text">
                        <h3 class="grid-h">July 2020</h3>
                        <h3 class="grid-h">Phase Two Expansion</h3>
                        <p class="grid-p">Lorem ipsum dolor sit amet consectetur adipisicing elit. Fugiat eaque magni ipsum quasi ipsam, optio animi odio sapiente nam maxime itaque sit a suscipit sed nesciunt fuga ullam laborum voluptatum?</p>
                    </div>
                    <!-- ---------------- -->
                    <div class="grid-element">
                        <div class="grid-empty">
                            
                        </div>
                    </div>

                    <div class="grid-element ">
                        <div class="grid-circle circle5">
                            <div class="circle-text">Be Part Of Our Story!</div>
                        </div>
                    </div>
                    <div class="grid-element">
                        <div class="grid-empty">
                            
                        </div>
                    </div>
                </div>
            </div>
        </div>

    </section>

    <section class="team">
        <div class="team-wrap">
            <div class="container">
                <h2 class="team-header section-header">OUR AMAZING TEAM</h2>
                <p class="team-underHeader section-underHeader">Lorem, ipsum dolor sit amet consectetur</p>
                <div class="team-grid">
                    <div class="teamgr-item">
                        <div class="item-circle grid-circle">

                        </div>
                        <p class="item-name">Parveen Anand</p>
                        <p class="item-position">Lead Designer</p>
                        <div class="item-socialmedia">
                            <a class="social" href=""><div class="social-item"><svg class="svg-inline--fa fa-twitter" aria-hidden="true" focusable="false" data-prefix="fab" data-icon="twitter" role="img" xmlns="http://www.w3.org/2000/svg" viewBox="0 0 512 512" data-fa-i2svg=""><path fill="white" d="M459.4 151.7c.325 4.548 .325 9.097 .325 13.65 0 138.7-105.6 298.6-298.6 298.6-59.45 0-114.7-17.22-161.1-47.11 8.447 .974 16.57 1.299 25.34 1.299 49.06 0 94.21-16.57 130.3-44.83-46.13-.975-84.79-31.19-98.11-72.77 6.498 .974 12.99 1.624 19.82 1.624 9.421 0 18.84-1.3 27.61-3.573-48.08-9.747-84.14-51.98-84.14-102.1v-1.299c13.97 7.797 30.21 12.67 47.43 13.32-28.26-18.84-46.78-51.01-46.78-87.39 0-19.49 5.197-37.36 14.29-52.95 51.65 63.67 129.3 105.3 216.4 109.8-1.624-7.797-2.599-15.92-2.599-24.04 0-57.83 46.78-104.9 104.9-104.9 30.21 0 57.5 12.67 76.67 33.14 23.72-4.548 46.46-13.32 66.6-25.34-7.798 24.37-24.37 44.83-46.13 57.83 21.12-2.273 41.58-8.122 60.43-16.24-14.29 20.79-32.16 39.31-52.63 54.25z"></path></svg></div></a>
                            <a class="social" href=""><div class="social-item"><svg class="svg-inline--fa fa-facebook-f" aria-hidden="true" focusable="false" data-prefix="fab" data-icon="facebook-f" role="img" xmlns="http://www.w3.org/2000/svg" viewBox="0 0 320 512" data-fa-i2svg=""><path fill="white" d="M279.1 288l14.22-92.66h-88.91v-60.13c0-25.35 12.42-50.06 52.24-50.06h40.42V6.26S260.4 0 225.4 0c-73.22 0-121.1 44.38-121.1 124.7v70.62H22.89V288h81.39v224h100.2V288z"></path></svg></div></a>
                            <a class="social" href=""><div class="social-item"><svg class="svg-inline--fa fa-linkedin-in" aria-hidden="true" focusable="false" data-prefix="fab" data-icon="linkedin-in" role="img" xmlns="http://www.w3.org/2000/svg" viewBox="0 0 448 512" data-fa-i2svg=""><path fill="white" d="M100.3 448H7.4V148.9h92.88zM53.79 108.1C24.09 108.1 0 83.5 0 53.8a53.79 53.79 0 0 1 107.6 0c0 29.7-24.1 54.3-53.79 54.3zM447.9 448h-92.68V302.4c0-34.7-.7-79.2-48.29-79.2-48.29 0-55.69 37.7-55.69 76.7V448h-92.78V148.9h89.08v40.8h1.3c12.4-23.5 42.69-48.3 87.88-48.3 94 0 111.3 61.9 111.3 142.3V448z"></path></svg></div></a>
                        </div>
                    </div>
                    <div class="teamgr-item">
                        <div class="item-circle grid-circle">

                        </div>
                        <p class="item-name">Diana Petersen</p>
                        <p class="item-position">Lead Marketer</p>
                        <div class="item-socialmedia">
                            <a class="social" href=""><div class="social-item"><svg class="svg-inline--fa fa-twitter" aria-hidden="true" focusable="false" data-prefix="fab" data-icon="twitter" role="img" xmlns="http://www.w3.org/2000/svg" viewBox="0 0 512 512" data-fa-i2svg=""><path fill="white" d="M459.4 151.7c.325 4.548 .325 9.097 .325 13.65 0 138.7-105.6 298.6-298.6 298.6-59.45 0-114.7-17.22-161.1-47.11 8.447 .974 16.57 1.299 25.34 1.299 49.06 0 94.21-16.57 130.3-44.83-46.13-.975-84.79-31.19-98.11-72.77 6.498 .974 12.99 1.624 19.82 1.624 9.421 0 18.84-1.3 27.61-3.573-48.08-9.747-84.14-51.98-84.14-102.1v-1.299c13.97 7.797 30.21 12.67 47.43 13.32-28.26-18.84-46.78-51.01-46.78-87.39 0-19.49 5.197-37.36 14.29-52.95 51.65 63.67 129.3 105.3 216.4 109.8-1.624-7.797-2.599-15.92-2.599-24.04 0-57.83 46.78-104.9 104.9-104.9 30.21 0 57.5 12.67 76.67 33.14 23.72-4.548 46.46-13.32 66.6-25.34-7.798 24.37-24.37 44.83-46.13 57.83 21.12-2.273 41.58-8.122 60.43-16.24-14.29 20.79-32.16 39.31-52.63 54.25z"></path></svg></div></a>
                            <a class="social" href=""><div class="social-item"><svg class="svg-inline--fa fa-facebook-f" aria-hidden="true" focusable="false" data-prefix="fab" data-icon="facebook-f" role="img" xmlns="http://www.w3.org/2000/svg" viewBox="0 0 320 512" data-fa-i2svg=""><path fill="white" d="M279.1 288l14.22-92.66h-88.91v-60.13c0-25.35 12.42-50.06 52.24-50.06h40.42V6.26S260.4 0 225.4 0c-73.22 0-121.1 44.38-121.1 124.7v70.62H22.89V288h81.39v224h100.2V288z"></path></svg></div></a>
                            <a class="social" href=""><div class="social-item"><svg class="svg-inline--fa fa-linkedin-in" aria-hidden="true" focusable="false" data-prefix="fab" data-icon="linkedin-in" role="img" xmlns="http://www.w3.org/2000/svg" viewBox="0 0 448 512" data-fa-i2svg=""><path fill="white" d="M100.3 448H7.4V148.9h92.88zM53.79 108.1C24.09 108.1 0 83.5 0 53.8a53.79 53.79 0 0 1 107.6 0c0 29.7-24.1 54.3-53.79 54.3zM447.9 448h-92.68V302.4c0-34.7-.7-79.2-48.29-79.2-48.29 0-55.69 37.7-55.69 76.7V448h-92.78V148.9h89.08v40.8h1.3c12.4-23.5 42.69-48.3 87.88-48.3 94 0 111.3 61.9 111.3 142.3V448z"></path></svg></div></a>
                        </div>
                    </div>
                    <div class="teamgr-item">
                        <div class="item-circle grid-circle">

                        </div>
                        <p class="item-name">Larry Parker</p>
                        <p class="item-position">Lead Designer</p>
                        <div class="item-socialmedia">
                            <a class="social" href=""><div class="social-item"><svg class="svg-inline--fa fa-twitter" aria-hidden="true" focusable="false" data-prefix="fab" data-icon="twitter" role="img" xmlns="http://www.w3.org/2000/svg" viewBox="0 0 512 512" data-fa-i2svg=""><path fill="white" d="M459.4 151.7c.325 4.548 .325 9.097 .325 13.65 0 138.7-105.6 298.6-298.6 298.6-59.45 0-114.7-17.22-161.1-47.11 8.447 .974 16.57 1.299 25.34 1.299 49.06 0 94.21-16.57 130.3-44.83-46.13-.975-84.79-31.19-98.11-72.77 6.498 .974 12.99 1.624 19.82 1.624 9.421 0 18.84-1.3 27.61-3.573-48.08-9.747-84.14-51.98-84.14-102.1v-1.299c13.97 7.797 30.21 12.67 47.43 13.32-28.26-18.84-46.78-51.01-46.78-87.39 0-19.49 5.197-37.36 14.29-52.95 51.65 63.67 129.3 105.3 216.4 109.8-1.624-7.797-2.599-15.92-2.599-24.04 0-57.83 46.78-104.9 104.9-104.9 30.21 0 57.5 12.67 76.67 33.14 23.72-4.548 46.46-13.32 66.6-25.34-7.798 24.37-24.37 44.83-46.13 57.83 21.12-2.273 41.58-8.122 60.43-16.24-14.29 20.79-32.16 39.31-52.63 54.25z"></path></svg></div></a>
                            <a class="social" href=""><div class="social-item"><svg class="svg-inline--fa fa-facebook-f" aria-hidden="true" focusable="false" data-prefix="fab" data-icon="facebook-f" role="img" xmlns="http://www.w3.org/2000/svg" viewBox="0 0 320 512" data-fa-i2svg=""><path fill="white" d="M279.1 288l14.22-92.66h-88.91v-60.13c0-25.35 12.42-50.06 52.24-50.06h40.42V6.26S260.4 0 225.4 0c-73.22 0-121.1 44.38-121.1 124.7v70.62H22.89V288h81.39v224h100.2V288z"></path></svg></div></a>
                            <a class="social" href=""><div class="social-item"><svg class="svg-inline--fa fa-linkedin-in" aria-hidden="true" focusable="false" data-prefix="fab" data-icon="linkedin-in" role="img" xmlns="http://www.w3.org/2000/svg" viewBox="0 0 448 512" data-fa-i2svg=""><path fill="white" d="M100.3 448H7.4V148.9h92.88zM53.79 108.1C24.09 108.1 0 83.5 0 53.8a53.79 53.79 0 0 1 107.6 0c0 29.7-24.1 54.3-53.79 54.3zM447.9 448h-92.68V302.4c0-34.7-.7-79.2-48.29-79.2-48.29 0-55.69 37.7-55.69 76.7V448h-92.78V148.9h89.08v40.8h1.3c12.4-23.5 42.69-48.3 87.88-48.3 94 0 111.3 61.9 111.3 142.3V448z"></path></svg></div></a>
                        </div>
                    </div>
                </div>
                <p class="team-p">Lorem ipsum dolor sit amet, consectetur adipisicing elit. Aut eaque, laboriosam veritatis,<br> quos non quis ad perspiciatis, totam corporis ea, alias ut unde.</p>
            </div>
        </div>
    </section>
    <section class="links">
        <div class="links-wrap">
            <div class="container">
                <a href=""><img src="img/logos/microsoft.svg" alt=""></a>
                <a href=""><img src="img/logos/google.svg" alt=""></a>
                <a href=""><img src="img/logos/facebook.svg" alt=""></a>
                <a href=""><img src="img/logos/ibm.svg" alt=""></a>
            </div>
        </div>
    </section>
    <section class="contact">
        <div class="contact-wrap">
            <div class="container">
                <h2 class="contact-header section-header">CONTACT US</h2>
                <p class="contact-underHeader section-underHeader">Lorem, ipsum dolor sit amet consectetur</p>
                <form class="form">
                    <div class="contact-grid">
                        
                        <input type="text">
                        <input type="email">
                        <input type="tel">
                        <textarea name="text" id="text" placeholder="Your Message *"></textarea>
                    </div>
                    <button class="subm">send Message</button>
                </form>
            </div>
        </div>
    </section>
    <footer>
        <div class="footer-wrap">
            <div class="footer-block block-copy">
                <p>Copyright © Your Website 2022</p>
            </div>
            <div class="footer-block block-soc"><a class="social" href=""><div class="social-item"><svg class="svg-inline--fa fa-twitter" aria-hidden="true" focusable="false" data-prefix="fab" data-icon="twitter" role="img" xmlns="http://www.w3.org/2000/svg" viewBox="0 0 512 512" data-fa-i2svg=""><path fill="white" d="M459.4 151.7c.325 4.548 .325 9.097 .325 13.65 0 138.7-105.6 298.6-298.6 298.6-59.45 0-114.7-17.22-161.1-47.11 8.447 .974 16.57 1.299 25.34 1.299 49.06 0 94.21-16.57 130.3-44.83-46.13-.975-84.79-31.19-98.11-72.77 6.498 .974 12.99 1.624 19.82 1.624 9.421 0 18.84-1.3 27.61-3.573-48.08-9.747-84.14-51.98-84.14-102.1v-1.299c13.97 7.797 30.21 12.67 47.43 13.32-28.26-18.84-46.78-51.01-46.78-87.39 0-19.49 5.197-37.36 14.29-52.95 51.65 63.67 129.3 105.3 216.4 109.8-1.624-7.797-2.599-15.92-2.599-24.04 0-57.83 46.78-104.9 104.9-104.9 30.21 0 57.5 12.67 76.67 33.14 23.72-4.548 46.46-13.32 66.6-25.34-7.798 24.37-24.37 44.83-46.13 57.83 21.12-2.273 41.58-8.122 60.43-16.24-14.29 20.79-32.16 39.31-52.63 54.25z"></path></svg></div></a>
            <a class="social" href=""><div class="social-item"><svg class="svg-inline--fa fa-facebook-f" aria-hidden="true" focusable="false" data-prefix="fab" data-icon="facebook-f" role="img" xmlns="http://www.w3.org/2000/svg" viewBox="0 0 320 512" data-fa-i2svg=""><path fill="white" d="M279.1 288l14.22-92.66h-88.91v-60.13c0-25.35 12.42-50.06 52.24-50.06h40.42V6.26S260.4 0 225.4 0c-73.22 0-121.1 44.38-121.1 124.7v70.62H22.89V288h81.39v224h100.2V288z"></path></svg></div></a>
            <a class="social" href=""><div class="social-item"><svg class="svg-inline--fa fa-linkedin-in" aria-hidden="true" focusable="false" data-prefix="fab" data-icon="linkedin-in" role="img" xmlns="http://www.w3.org/2000/svg" viewBox="0 0 448 512" data-fa-i2svg=""><path fill="white" d="M100.3 448H7.4V148.9h92.88zM53.79 108.1C24.09 108.1 0 83.5 0 53.8a53.79 53.79 0 0 1 107.6 0c0 29.7-24.1 54.3-53.79 54.3zM447.9 448h-92.68V302.4c0-34.7-.7-79.2-48.29-79.2-48.29 0-55.69 37.7-55.69 76.7V448h-92.78V148.9h89.08v40.8h1.3c12.4-23.5 42.69-48.3 87.88-48.3 94 0 111.3 61.9 111.3 142.3V448z"></path></svg></div></a></div>
            <div class="footer-block block-links">
                <a href="#">Privacy Policy</a>
                <a href="#">Terms of Use</a>
            </div>
        </div>
    </footer>
</body>
</html>